../Core/Src/display_ssd1963.c:7:10:RGB	16	static
../Core/Src/display_ssd1963.c:22:6:tft_write_bus	16	static,ignoring_inline_asm
../Core/Src/display_ssd1963.c:53:6:tft_write_data8	16	static
../Core/Src/display_ssd1963.c:58:6:Lcd_Write_Data	16	static
../Core/Src/display_ssd1963.c:79:6:Lcd_Write_Cmd	16	static
../Core/Src/display_ssd1963.c:110:6:Lcd_SetArea	24	static
../Core/Src/display_ssd1963.c:127:6:Lcd_FillArea	32	static
../Core/Src/display_ssd1963.c:141:6:Lcd_ClearScreen	24	static
../Core/Src/display_ssd1963.c:155:6:Lcd_SetPixel	16	static
../Core/Src/display_ssd1963.c:163:6:LCD_Write_DATA	16	static
../Core/Src/display_ssd1963.c:184:6:LCD_Write_COM	16	static
../Core/Src/display_ssd1963.c:206:6:Init_SSD1963	8	static
../Core/Src/display_ssd1963.c:615:7:TFT_Send_Cmd	16	static
../Core/Src/display_ssd1963.c:639:6:TFT_Write_Data	16	static
../Core/Src/display_ssd1963.c:661:6:TFT_Set_X	16	static
../Core/Src/display_ssd1963.c:672:6:TFT_Set_Y	16	static
../Core/Src/display_ssd1963.c:683:6:TFT_Set_XY	16	static
../Core/Src/display_ssd1963.c:691:6:TFT_Set_Work_Area	24	static
../Core/Src/display_ssd1963.c:699:6:TFT_Clear_Screen	24	static
../Core/Src/display_ssd1963.c:715:6:TFT_Draw_Char	40	static
../Core/Src/display_ssd1963.c:737:6:TFT_Draw_String	40	static
../Core/Src/display_ssd1963.c:756:6:TFT_Draw_Line	56	static
../Core/Src/display_ssd1963.c:789:6:TFT_Draw_HLine	32	static
../Core/Src/display_ssd1963.c:799:6:TFT_Draw_VLine	32	static
../Core/Src/display_ssd1963.c:809:6:TFT_Draw_Rectangle	32	static
../Core/Src/display_ssd1963.c:818:6:TFT_Draw_Fill_Rectangle	32	static
../Core/Src/display_ssd1963.c:830:6:TFT_Draw_Triangle	32	static
../Core/Src/display_ssd1963.c:840:6:TFT_Draw_Circle	48	static
../Core/Src/display_ssd1963.c:879:6:TFT_Draw_Circle_Helper	48	static
../Core/Src/display_ssd1963.c:916:6:TFT_Draw_Round_Rect	32	static
../Core/Src/display_ssd1963.c:931:6:TFT_Draw_Fill_Circle_Helper	48	static
../Core/Src/display_ssd1963.c:962:6:TFT_Draw_Fill_Round_Rect	32	static
../Core/Src/display_ssd1963.c:972:13:LCD_Char	56	static
../Core/Src/display_ssd1963.c:1006:6:LCD_Font	72	static
../Core/Src/display_ssd1963.c:1030:6:LCD_FillTriangle	80	static
../Core/Src/display_ssd1963.c:1107:10:rainbow	24	static
../Core/Src/display_ssd1963.c:1141:6:map	24	static
../Core/Src/display_ssd1963.c:1145:5:ringMeter	120	static
