../Core/Src/display_ssd1963.c:7:10:RGB	16	static
../Core/Src/display_ssd1963.c:22:6:tft_write_bus	16	static,ignoring_inline_asm
../Core/Src/display_ssd1963.c:54:6:Lcd_Write_Data	16	static
../Core/Src/display_ssd1963.c:60:6:Lcd_Write_Cmd	16	static
../Core/Src/display_ssd1963.c:67:6:Lcd_SetArea	24	static
../Core/Src/display_ssd1963.c:84:6:Lcd_FillArea	32	static
../Core/Src/display_ssd1963.c:98:6:Lcd_ClearScreen	24	static
../Core/Src/display_ssd1963.c:112:6:Lcd_SetPixel	16	static
../Core/Src/display_ssd1963.c:122:6:Init_SSD1963	8	static
../Core/Src/display_ssd1963.c:218:6:TFT_Set_X	16	static
../Core/Src/display_ssd1963.c:229:6:TFT_Set_Y	16	static
../Core/Src/display_ssd1963.c:240:6:TFT_Set_XY	16	static
../Core/Src/display_ssd1963.c:248:6:TFT_Set_Work_Area	24	static
../Core/Src/display_ssd1963.c:256:6:TFT_Clear_Screen	24	static
../Core/Src/display_ssd1963.c:269:6:TFT_Draw_Char	40	static
../Core/Src/display_ssd1963.c:291:6:TFT_Draw_String	40	static
../Core/Src/display_ssd1963.c:308:6:TFT_Draw_Line	56	static
../Core/Src/display_ssd1963.c:341:6:TFT_Draw_HLine	32	static
../Core/Src/display_ssd1963.c:350:6:TFT_Draw_VLine	32	static
../Core/Src/display_ssd1963.c:360:6:TFT_Draw_Rectangle	32	static
../Core/Src/display_ssd1963.c:369:6:TFT_Draw_Fill_Rectangle	32	static
../Core/Src/display_ssd1963.c:381:6:TFT_Draw_Triangle	32	static
../Core/Src/display_ssd1963.c:390:6:TFT_Draw_Circle	48	static
../Core/Src/display_ssd1963.c:429:6:TFT_Draw_Circle_Helper	48	static
../Core/Src/display_ssd1963.c:466:6:TFT_Draw_Round_Rect	32	static
../Core/Src/display_ssd1963.c:481:6:TFT_Draw_Fill_Circle_Helper	48	static
../Core/Src/display_ssd1963.c:512:6:TFT_Draw_Fill_Round_Rect	32	static
../Core/Src/display_ssd1963.c:522:13:LCD_Char	56	static
../Core/Src/display_ssd1963.c:556:6:LCD_Font	72	static
../Core/Src/display_ssd1963.c:580:6:LCD_FillTriangle	80	static
../Core/Src/display_ssd1963.c:657:10:rainbow	24	static
../Core/Src/display_ssd1963.c:691:6:map	24	static
../Core/Src/display_ssd1963.c:695:5:ringMeter	120	static
