../Core/Src/display_ssd1963.c:10:10:RGB	16	static
../Core/Src/display_ssd1963.c:25:6:tft_write_bus	16	static,ignoring_inline_asm
../Core/Src/display_ssd1963.c:57:6:Lcd_Write_Data	16	static
../Core/Src/display_ssd1963.c:63:6:Lcd_Write_Cmd	16	static
../Core/Src/display_ssd1963.c:70:6:Lcd_SetArea	24	static
../Core/Src/display_ssd1963.c:87:6:Lcd_FillArea	32	static
../Core/Src/display_ssd1963.c:101:6:Lcd_ClearScreen	24	static
../Core/Src/display_ssd1963.c:115:6:Lcd_SetPixel	16	static
../Core/Src/display_ssd1963.c:125:6:Init_SSD1963	8	static
../Core/Src/display_ssd1963.c:221:6:TFT_Set_X	16	static
../Core/Src/display_ssd1963.c:232:6:TFT_Set_Y	16	static
../Core/Src/display_ssd1963.c:243:6:TFT_Set_XY	16	static
../Core/Src/display_ssd1963.c:251:6:TFT_Set_Work_Area	24	static
../Core/Src/display_ssd1963.c:261:6:TFT_Clear_Screen	24	static
../Core/Src/display_ssd1963.c:272:6:TFT_Draw_Char	40	static
../Core/Src/display_ssd1963.c:294:6:TFT_Draw_String	40	static
../Core/Src/display_ssd1963.c:311:6:TFT_Draw_Line	56	static
../Core/Src/display_ssd1963.c:344:6:TFT_Draw_HLine	32	static
../Core/Src/display_ssd1963.c:353:6:TFT_Set_Read_Area	24	static
../Core/Src/display_ssd1963.c:360:6:TFT_Draw_Alert	48	static
../Core/Src/display_ssd1963.c:371:6:TFT_Restore_Alert	24	static
../Core/Src/display_ssd1963.c:381:6:lcd_Read_Area	32	static
../Core/Src/display_ssd1963.c:398:10:lcd_Read_bus	16	static
../Core/Src/display_ssd1963.c:416:6:TFT_Draw_VLine	32	static
../Core/Src/display_ssd1963.c:426:6:TFT_Draw_Rectangle	32	static
../Core/Src/display_ssd1963.c:435:6:TFT_Draw_Fill_Rectangle	32	static
../Core/Src/display_ssd1963.c:447:6:TFT_Draw_Triangle	32	static
../Core/Src/display_ssd1963.c:456:6:TFT_Draw_Circle	48	static
../Core/Src/display_ssd1963.c:495:6:TFT_Draw_Circle_Helper	48	static
../Core/Src/display_ssd1963.c:532:6:TFT_Draw_Round_Rect	32	static
../Core/Src/display_ssd1963.c:547:6:TFT_Draw_Fill_Circle_Helper	48	static
../Core/Src/display_ssd1963.c:578:6:TFT_Draw_Fill_Round_Rect	32	static
../Core/Src/display_ssd1963.c:588:13:LCD_Char	56	static
../Core/Src/display_ssd1963.c:622:6:LCD_Font	72	static
../Core/Src/display_ssd1963.c:646:6:LCD_FillTriangle	80	static
../Core/Src/display_ssd1963.c:723:10:rainbow	24	static
../Core/Src/display_ssd1963.c:757:6:map	24	static
../Core/Src/display_ssd1963.c:761:5:ringMeter	120	static
