../Core/Src/display_ssd1963.c:10:10:RGB	16	static
../Core/Src/display_ssd1963.c:25:6:tft_write_bus	16	static,ignoring_inline_asm
../Core/Src/display_ssd1963.c:57:6:Lcd_Write_Data	16	static
../Core/Src/display_ssd1963.c:63:6:Lcd_Write_Cmd	16	static
../Core/Src/display_ssd1963.c:71:6:Lcd_SetArea	24	static
../Core/Src/display_ssd1963.c:88:6:Lcd_FillArea	32	static
../Core/Src/display_ssd1963.c:102:6:Lcd_ClearScreen	24	static
../Core/Src/display_ssd1963.c:116:6:Lcd_SetPixel	16	static
../Core/Src/display_ssd1963.c:126:6:Init_SSD1963	8	static
../Core/Src/display_ssd1963.c:222:6:TFT_Set_X	16	static
../Core/Src/display_ssd1963.c:233:6:TFT_Set_Y	16	static
../Core/Src/display_ssd1963.c:244:6:TFT_Set_XY	16	static
../Core/Src/display_ssd1963.c:252:6:TFT_Set_Work_Area	24	static
../Core/Src/display_ssd1963.c:262:6:TFT_Clear_Screen	24	static
../Core/Src/display_ssd1963.c:273:6:TFT_Draw_Char	40	static
../Core/Src/display_ssd1963.c:295:6:TFT_Draw_String	40	static
../Core/Src/display_ssd1963.c:312:6:TFT_Draw_Line	56	static
../Core/Src/display_ssd1963.c:345:6:TFT_Draw_HLine	32	static
../Core/Src/display_ssd1963.c:354:6:TFT_Set_Read_Area	24	static
../Core/Src/display_ssd1963.c:361:6:TFT_Draw_Alert	48	static
../Core/Src/display_ssd1963.c:374:6:TFT_Restore_Area	24	static
../Core/Src/display_ssd1963.c:384:6:lcd_Read_Area	32	static
../Core/Src/display_ssd1963.c:401:10:lcd_Read_bus	16	static
../Core/Src/display_ssd1963.c:419:6:TFT_Draw_VLine	32	static
../Core/Src/display_ssd1963.c:429:6:TFT_Draw_Rectangle	32	static
../Core/Src/display_ssd1963.c:438:6:TFT_Draw_Fill_Rectangle	32	static
../Core/Src/display_ssd1963.c:450:6:TFT_Draw_Triangle	32	static
../Core/Src/display_ssd1963.c:459:6:TFT_Draw_Circle	48	static
../Core/Src/display_ssd1963.c:498:6:TFT_Draw_Circle_Helper	48	static
../Core/Src/display_ssd1963.c:535:6:TFT_Draw_Round_Rect	32	static
../Core/Src/display_ssd1963.c:550:6:TFT_Draw_Fill_Circle_Helper	48	static
../Core/Src/display_ssd1963.c:581:6:TFT_Draw_Fill_Round_Rect	32	static
../Core/Src/display_ssd1963.c:591:13:LCD_Char	56	static
../Core/Src/display_ssd1963.c:626:6:LCD_centered_Font	88	static
../Core/Src/display_ssd1963.c:691:6:LCD_Row_Font	64	static
../Core/Src/display_ssd1963.c:712:6:LCD_Font	72	static
../Core/Src/display_ssd1963.c:736:6:LCD_FillTriangle	80	static
../Core/Src/display_ssd1963.c:813:10:rainbow	24	static
../Core/Src/display_ssd1963.c:847:6:map	24	static
../Core/Src/display_ssd1963.c:851:5:ringMeter	120	static
