../Core/Src/display_ssd1963.c:10:10:RGB	16	static
../Core/Src/display_ssd1963.c:25:6:tft_write_bus	16	static,ignoring_inline_asm
../Core/Src/display_ssd1963.c:57:6:Lcd_Write_Data	16	static
../Core/Src/display_ssd1963.c:63:6:Lcd_Write_Cmd	16	static
../Core/Src/display_ssd1963.c:71:6:Lcd_SetArea	24	static
../Core/Src/display_ssd1963.c:88:6:Lcd_FillArea	32	static
../Core/Src/display_ssd1963.c:102:6:Lcd_ClearScreen	24	static
../Core/Src/display_ssd1963.c:116:6:Lcd_SetPixel	16	static
../Core/Src/display_ssd1963.c:126:6:Init_SSD1963	8	static
../Core/Src/display_ssd1963.c:222:6:TFT_Set_X	16	static
../Core/Src/display_ssd1963.c:233:6:TFT_Set_Y	16	static
../Core/Src/display_ssd1963.c:244:6:TFT_Set_XY	16	static
../Core/Src/display_ssd1963.c:252:6:TFT_Set_Work_Area	24	static
../Core/Src/display_ssd1963.c:262:6:TFT_Clear_Screen	24	static
../Core/Src/display_ssd1963.c:273:6:TFT_Draw_Char	40	static
../Core/Src/display_ssd1963.c:295:6:TFT_Draw_String	40	static
../Core/Src/display_ssd1963.c:312:6:TFT_Draw_Line	56	static
../Core/Src/display_ssd1963.c:345:6:TFT_Draw_HLine	32	static
../Core/Src/display_ssd1963.c:354:6:TFT_Set_Read_Area	24	static
../Core/Src/display_ssd1963.c:361:10:TFT_Draw_List	112	dynamic
../Core/Src/display_ssd1963.c:410:6:TFT_Draw_Alert	48	static
../Core/Src/display_ssd1963.c:423:6:TFT_Restore_Area	32	static
../Core/Src/display_ssd1963.c:433:6:lcd_Read_Area	32	static
../Core/Src/display_ssd1963.c:450:10:lcd_Read_bus	16	static
../Core/Src/display_ssd1963.c:466:6:TFT_Draw_Bitmap_Without_Background	40	static
../Core/Src/display_ssd1963.c:485:6:TFT_Draw_Bitmap	32	static
../Core/Src/display_ssd1963.c:497:6:TFT_Draw_VLine	32	static
../Core/Src/display_ssd1963.c:507:6:TFT_Draw_Rectangle	32	static
../Core/Src/display_ssd1963.c:516:6:TFT_Draw_Fill_Rectangle	32	static
../Core/Src/display_ssd1963.c:528:6:TFT_Draw_Triangle	32	static
../Core/Src/display_ssd1963.c:537:6:TFT_Draw_Circle	48	static
../Core/Src/display_ssd1963.c:576:6:TFT_Draw_Circle_Helper	48	static
../Core/Src/display_ssd1963.c:613:6:TFT_Draw_Round_Rect	32	static
../Core/Src/display_ssd1963.c:628:6:TFT_Draw_Fill_Circle_Helper	48	static
../Core/Src/display_ssd1963.c:659:6:TFT_Draw_Fill_Round_Rect	32	static
../Core/Src/display_ssd1963.c:669:13:LCD_Char	56	static
../Core/Src/display_ssd1963.c:704:6:LCD_centered_Font	88	static
../Core/Src/display_ssd1963.c:769:6:LCD_Row_Font	64	static
../Core/Src/display_ssd1963.c:790:6:LCD_Font	72	static
../Core/Src/display_ssd1963.c:815:6:LCD_FillTriangle	80	static
../Core/Src/display_ssd1963.c:892:10:rainbow	24	static
../Core/Src/display_ssd1963.c:926:6:map	24	static
../Core/Src/display_ssd1963.c:930:5:ringMeter	120	static
